+ ADR_DIR=alternative-dir
+ export ADR_DIR
+ adr new Example ADR
alternative-dir/0001-example-adr.md
+ ls .
alternative-dir
+ ls alternative-dir
0001-example-adr.md
