+ adr new The First Decision
doc/adr/0001-the-first-decision.md
+ cat doc/adr/0001-the-first-decision.md
# 1. The First Decision

Date: 12/01/1992

## Status

Accepted

## Context

Context here...

## Decision

Decision here...

## Consequences

Consequences here...
