+ export 'EDITOR=echo EDITOR'
+ EDITOR='echo EDITOR'
+ export VISUAL=
+ VISUAL=
+ adr new created with EDITOR environment variable set
EDITOR doc/adr/0001-created-with-editor-environment-variable-set.md
doc/adr/0001-created-with-editor-environment-variable-set.md
+ export EDITOR=
+ EDITOR=
+ export 'VISUAL=echo VISUAL'
+ VISUAL='echo VISUAL'
+ adr new created with VISUAL environment variable set
VISUAL doc/adr/0002-created-with-visual-environment-variable-set.md
doc/adr/0002-created-with-visual-environment-variable-set.md
+ export 'EDITOR=echo EDITOR'
+ EDITOR='echo EDITOR'
+ export 'VISUAL=echo VISUAL'
+ VISUAL='echo VISUAL'
+ adr new uses setting of VISUAL if both VISUAL and EDITOR are set
VISUAL doc/adr/0003-uses-setting-of-visual-if-both-visual-and-editor-are-set.md
doc/adr/0003-uses-setting-of-visual-if-both-visual-and-editor-are-set.md
